START: {"caseId": "zen_nightingale", "status": "RUNNING", "step": "LOAD", "locale": "zh-TW", "mode": "contract"}
[17:08:02] status=RUNNING step=LOAD
[17:08:07] status=RUNNING step=LOAD
[17:08:12] status=RUNNING step=LOAD
[17:08:17] status=RUNNING step=LOAD
[17:08:22] status=RUNNING step=LOAD
[17:08:27] status=WAITING step=QUESTIONS
Answering questions: ['q1', 'q2', 'q3']
[17:08:32] status=RUNNING step=RESEARCH
[17:08:37] status=RUNNING step=RESEARCH
[17:08:42] status=RUNNING step=RESEARCH
[17:08:47] status=RUNNING step=RESEARCH
[17:08:52] status=RUNNING step=RESEARCH
[17:08:57] status=RUNNING step=RESEARCH
[17:09:02] status=RUNNING step=RESEARCH
[17:09:07] status=RUNNING step=RESEARCH
[17:09:12] status=RUNNING step=RESEARCH
[17:09:17] status=RUNNING step=REVIEW
[17:09:22] status=RUNNING step=REVIEW
[17:09:27] status=RUNNING step=REVIEW
[17:09:32] status=RUNNING step=REVIEW
[17:09:37] status=RUNNING step=REVIEW
[17:09:42] status=RUNNING step=REVIEW
[17:09:47] status=RUNNING step=REVIEW
[17:09:52] status=RUNNING step=REVIEW
[17:09:57] status=RUNNING step=REVIEW
[17:10:03] status=RUNNING step=REVIEW
[17:10:08] status=RUNNING step=SUMMARY
[17:10:13] status=RUNNING step=SUMMARY
[17:10:18] status=RUNNING step=SUMMARY
[17:10:23] status=RUNNING step=SUMMARY
[17:10:28] status=RUNNING step=SUMMARY
[17:10:33] status=RUNNING step=REVISE
[17:10:38] status=RUNNING step=REVISE
[17:10:44] status=RUNNING step=REVISE
[17:10:49] status=RUNNING step=REVISE
[17:10:54] status=RUNNING step=REVISE
[17:10:59] status=RUNNING step=GRAPH
[17:11:04] status=RUNNING step=GRAPH
[17:11:09] status=RUNNING step=GRAPH
[17:11:14] status=RUNNING step=GRAPH
[17:11:19] status=RUNNING step=GRAPH
[17:11:24] status=RUNNING step=GRAPH
[17:11:29] status=RUNNING step=GRAPH
[17:11:34] status=RUNNING step=GRAPH
[17:11:39] status=RUNNING step=GRAPH
[17:11:44] status=RUNNING step=GRAPH
[17:11:49] status=COMPLETED step=GRAPH
FINAL status: COMPLETED
caseId: zen_nightingale
